On Action Documentation:

--------------------

on_tamil_rebel_death:
From Code: No
Expected Scope: none

--------------------

yearly_country_pulse:
From Code: Yes
Expected Scope: country

--------------------

on_ruler_death_delhi_tombs_construction:
From Code: No
Expected Scope: country

--------------------

on_new_country_formed:
From Code: Yes
Expected Scope: none

--------------------

on_storm_reached_location:
From Code: Yes
Expected Scope: none

--------------------

wor_on_wallenstein_prison_timeout:
From Code: No
Expected Scope: none

--------------------

on_colonize_annexed:
From Code: Yes
Expected Scope: none

--------------------

on_annexing_subject_monthly_pulse:
From Code: Yes
Expected Scope: country

--------------------

on_io_parliament_passed:
From Code: Yes
Expected Scope: none

--------------------

on_mission_task_completion:
From Code: Yes
Expected Scope: none

--------------------

on_command_gained:
From Code: Yes
Expected Scope: none

--------------------

on_timurid_occupy_location_horde:
From Code: No
Expected Scope: none

--------------------

on_fraticide_underage_succession_waiting:
From Code: No
Expected Scope: none

--------------------

OGAS_Auto_Road:
From Code: No
Expected Scope: none

--------------------

religion_flavor_pulse_muslim:
From Code: No
Expected Scope: country

--------------------

on_enforce_peace_declined:
From Code: Yes
Expected Scope: none

--------------------

on_royal_marriage:
From Code: Yes
Expected Scope: country

--------------------

wor_on_wallenstein_prison_occupation:
From Code: No
Expected Scope: none

--------------------

on_loan_repaid:
From Code: Yes
Expected Scope: none

--------------------

_cmf_on_init:
From Code: No
Expected Scope: none

--------------------

on_diplomatic_annex:
From Code: Yes
Expected Scope: country

--------------------

on_bankruptcy:
From Code: Yes
Expected Scope: none

--------------------

on_truce_broken:
From Code: Yes
Expected Scope: none

--------------------

on_pre_winning_war:
From Code: Yes
Expected Scope: none

--------------------

on_military_annex:
From Code: Yes
Expected Scope: none

--------------------

on_location_lost:
From Code: Yes
Expected Scope: country

--------------------

on_annexation_cancel:
From Code: Yes
Expected Scope: none

--------------------

on_annex:
From Code: Yes
Expected Scope: none

--------------------

on_lose_hegemon_status:
From Code: Yes
Expected Scope: none

--------------------

on_cabinet_assigned:
From Code: Yes
Expected Scope: none

--------------------

on_pre_losing_war:
From Code: Yes
Expected Scope: none

--------------------

on_exploration_monthly_pulse:
From Code: Yes
Expected Scope: exploration

--------------------

on_lose_great_power_status:
From Code: Yes
Expected Scope: none

--------------------

on_battle_lost_character:
From Code: Yes
Expected Scope: none

--------------------

yearly_flavor_nav_pulse:
From Code: No
Expected Scope: country

--------------------

on_milanese_library_occupied:
From Code: No
Expected Scope: country

--------------------

religion_flavor_pulse_dharmic:
From Code: No
Expected Scope: country

--------------------

noble_auto_marry_on_action_pop_control:
From Code: No
Expected Scope: country

--------------------

glorpui_on_country_value_sync:
From Code: No
Expected Scope: none

--------------------

on_character_estate_change:
From Code: Yes
Expected Scope: none

--------------------

on_marriage_union_formation:
From Code: Yes
Expected Scope: none

--------------------

on_gain_great_power_status:
From Code: Yes
Expected Scope: none

--------------------

on_diplomatic_annexed:
From Code: Yes
Expected Scope: none

--------------------

noble_auto_marry_on_action_dhimmi_estate:
From Code: No
Expected Scope: country

--------------------

on_heir_selection_changed:
From Code: Yes
Expected Scope: none

--------------------

on_game_load:
From Code: No
Expected Scope: none

--------------------

on_game_load_after_lobby_human_country:
From Code: No
Expected Scope: none

--------------------

religion_flavor_pulse_hellenism:
From Code: No
Expected Scope: country

--------------------

religion_flavor_pulse:
From Code: Yes
Expected Scope: country

--------------------

on_battle_lost:
From Code: Yes
Expected Scope: none

--------------------

on_mission_task_bypass:
From Code: Yes
Expected Scope: none

--------------------

on_bureaucracy_added:
From Code: Yes
Expected Scope: none

--------------------

yearly_infidel_holds_rome_pulse:
From Code: No
Expected Scope: none

--------------------

on_reform_change:
From Code: Yes
Expected Scope: none

--------------------

on_four_yearly_check_for_script:
From Code: No
Expected Scope: none

--------------------

on_location_occupied:
From Code: Yes
Expected Scope: country

--------------------

parliament_monthly_pulse:
From Code: Yes
Expected Scope: country

--------------------

_cmf_on_yearly:
From Code: No
Expected Scope: none

--------------------

on_new_age_global:
From Code: Yes
Expected Scope: none

--------------------

government_flavor_pulse_theocracy:
From Code: No
Expected Scope: country

--------------------

on_great_battle_lost:
From Code: Yes
Expected Scope: none

--------------------

on_enforce_peace_accepted:
From Code: Yes
Expected Scope: none

--------------------

on_work_of_art_moved:
From Code: Yes
Expected Scope: none

--------------------

on_subject_created:
From Code: Yes
Expected Scope: none

--------------------

noble_auto_marry_on_action_clergy_estate:
From Code: No
Expected Scope: country

--------------------

on_ai_personalities_game_start:
From Code: No
Expected Scope: none

--------------------

on_location_changed_rank:
From Code: Yes
Expected Scope: none

--------------------

on_civil_war_start:
From Code: Yes
Expected Scope: none

--------------------

on_regency_start:
From Code: Yes
Expected Scope: none

--------------------

on_ruler_death:
From Code: Yes
Expected Scope: country

--------------------

on_parliament_passed:
From Code: Yes
Expected Scope: none

--------------------

on_parliament_established:
From Code: Yes
Expected Scope: none

--------------------

on_international_organization_creation:
From Code: Yes
Expected Scope: none

--------------------

cmf_on_mod_registration:
From Code: No
Expected Scope: none

--------------------

on_shattered_country:
From Code: Yes
Expected Scope: none

--------------------

on_estate_culture_changed:
From Code: Yes
Expected Scope: none

--------------------

yearly_flavor_pol_union_pulse:
From Code: No
Expected Scope: country

--------------------

on_raw_material_changed:
From Code: Yes
Expected Scope: none

--------------------

yearly_flavor_hab_tir_pulse:
From Code: No
Expected Scope: country

--------------------

noble_auto_marry_on_action_peasants_estate:
From Code: No
Expected Scope: country

--------------------

yearly_flavor_cop_pulse:
From Code: No
Expected Scope: country

--------------------

biyearly_country_pulse:
From Code: Yes
Expected Scope: country

--------------------

government_flavor_pulse:
From Code: Yes
Expected Scope: country

--------------------

yearly_hre_circle_leader_pulse:
From Code: No
Expected Scope: country

--------------------

chi_expedition_rotation_pulse:
From Code: No
Expected Scope: country

--------------------

noble_auto_marry_on_action_tribes_estate:
From Code: No
Expected Scope: country

--------------------

_cmf_on_banner_registration:
From Code: No
Expected Scope: none

--------------------

on_institution_embraced:
From Code: Yes
Expected Scope: none

--------------------

on_took_location_in_peace_treaty:
From Code: Yes
Expected Scope: none

--------------------

government_flavor_pulse_republic:
From Code: No
Expected Scope: country

--------------------

on_vassalized_appanage:
From Code: No
Expected Scope: none

--------------------

on_gain_hegemon_status:
From Code: Yes
Expected Scope: none

--------------------

on_siege_lost:
From Code: Yes
Expected Scope: country

--------------------

cmf_yearly_human_country_pulse:
From Code: No
Expected Scope: none

--------------------

noble_auto_marry_on_action_burghers_estate:
From Code: No
Expected Scope: country

--------------------

on_command_lost:
From Code: Yes
Expected Scope: none

--------------------

on_regency_end:
From Code: Yes
Expected Scope: none

--------------------

on_gift_sent:
From Code: Yes
Expected Scope: none

--------------------

noble_auto_marry_for_ai_on_action:
From Code: No
Expected Scope: country

--------------------

on_international_organization_policy_changed:
From Code: Yes
Expected Scope: none

--------------------

_cmf_on_monthly:
From Code: No
Expected Scope: none

--------------------

on_disloyal_independent_appanage:
From Code: No
Expected Scope: none

--------------------

on_cabinet_death:
From Code: No
Expected Scope: none

--------------------

colonial_charter_monthly_pulse:
From Code: Yes
Expected Scope: country

--------------------

in_battle:
From Code: Yes
Expected Scope: none

--------------------

sakuya_cmm_sittings_on_cmf_callback:
From Code: No
Expected Scope: none

--------------------

government_flavor_pulse_tribe:
From Code: No
Expected Scope: country

--------------------

yearly_flavor_sic_pulse:
From Code: No
Expected Scope: country

--------------------

on_capital_moved:
From Code: Yes
Expected Scope: none

--------------------

cmf_on_callback:
From Code: No
Expected Scope: none

--------------------

on_civil_war_annex:
From Code: Yes
Expected Scope: none

--------------------

on_loan_taken:
From Code: Yes
Expected Scope: none

--------------------

on_game_start:
From Code: Yes
Expected Scope: none

--------------------

on_omen_god_selected:
From Code: Yes
Expected Scope: country

--------------------

on_parliament_abolished:
From Code: Yes
Expected Scope: none

--------------------

cmf_monthly_human_country_pulse:
From Code: No
Expected Scope: none

--------------------

ace_monthly_check:
From Code: No
Expected Scope: none

--------------------

on_io_parliament_started:
From Code: Yes
Expected Scope: none

--------------------

on_siege_won:
From Code: Yes
Expected Scope: country

--------------------

on_international_organization_changed_leader:
From Code: Yes
Expected Scope: none

--------------------

on_international_organization_disbanded:
From Code: Yes
Expected Scope: none

--------------------

chinese_expedition_event_pulse:
From Code: No
Expected Scope: country

--------------------

on_shatter_country:
From Code: Yes
Expected Scope: none

--------------------

volcano_location_pulse:
From Code: Yes
Expected Scope: location

--------------------

glorpui_on_register_cmf_mod:
From Code: No
Expected Scope: none

--------------------

on_union_merging:
From Code: Yes
Expected Scope: none

--------------------

on_papal_opinion_added:
From Code: No
Expected Scope: none

--------------------

on_join_war:
From Code: Yes
Expected Scope: none

--------------------

_cmf_on_cmm_registration:
From Code: No
Expected Scope: none

--------------------

cmf_on_banner_registration:
From Code: No
Expected Scope: none

--------------------

on_culture_changed:
From Code: Yes
Expected Scope: none

--------------------

on_loan_renewed:
From Code: Yes
Expected Scope: none

--------------------

on_character_death:
From Code: Yes
Expected Scope: none

--------------------

on_albanian_migration:
From Code: No
Expected Scope: none

--------------------

on_parliament_started:
From Code: Yes
Expected Scope: none

--------------------

on_estate_religion_changed:
From Code: Yes
Expected Scope: none

--------------------

country_pulse_for_high_infamy:
From Code: Yes
Expected Scope: country

--------------------

on_exploration_success:
From Code: Yes
Expected Scope: country

--------------------

on_horde_pretender_death:
From Code: No
Expected Scope: none

--------------------

glorpui_on_banner_registration:
From Code: No
Expected Scope: none

--------------------

on_annexed:
From Code: Yes
Expected Scope: none

--------------------

on_character_moved_country:
From Code: Yes
Expected Scope: none

--------------------

_cmf_on_cmm_registration_late:
From Code: No
Expected Scope: none

--------------------

on_mission_task_start:
From Code: Yes
Expected Scope: none

--------------------

monthly_country_pulse:
From Code: Yes
Expected Scope: country

--------------------

on_character_divorce:
From Code: Yes
Expected Scope: none

--------------------

non_noble_auto_marry_for_ai_on_action:
From Code: No
Expected Scope: country

--------------------

on_papacy_reform_removed:
From Code: No
Expected Scope: none

--------------------

on_international_organization_parliament_agenda_accepted:
From Code: Yes
Expected Scope: none

--------------------

on_game_load_human_country:
From Code: No
Expected Scope: none

--------------------

on_game_load_after_lobby:
From Code: No
Expected Scope: none

--------------------

on_cabinet_removed:
From Code: Yes
Expected Scope: none

--------------------

on_union_formation:
From Code: Yes
Expected Scope: none

--------------------

government_flavor_pulse_monarchy:
From Code: No
Expected Scope: country

--------------------

earthquake_yearly_pulse:
From Code: No
Expected Scope: country

--------------------

on_rejected_call_to_arms:
From Code: Yes
Expected Scope: none

--------------------

on_work_of_art_destroyed:
From Code: Yes
Expected Scope: none

--------------------

on_io_parliament_failed:
From Code: Yes
Expected Scope: none

--------------------

on_country_specific_pulse:
From Code: No
Expected Scope: country

--------------------

noble_auto_marry_on_action:
From Code: No
Expected Scope: country

--------------------

on_civil_war_lost:
From Code: Yes
Expected Scope: country

--------------------

on_civil_war_won:
From Code: Yes
Expected Scope: country

--------------------

on_character_birth:
From Code: Yes
Expected Scope: none

--------------------

on_annexation_start:
From Code: Yes
Expected Scope: none

--------------------

yearly_flavor_kni_pulse:
From Code: No
Expected Scope: country

--------------------

on_military_annexed:
From Code: Yes
Expected Scope: none

--------------------

noble_auto_marry_on_action_cossacks_estate:
From Code: No
Expected Scope: country

--------------------

on_government_type_change:
From Code: Yes
Expected Scope: none

--------------------

on_game_start_after_lobby_human_country:
From Code: No
Expected Scope: none

--------------------

religion_flavor_pulse_buddhist:
From Code: No
Expected Scope: country

--------------------

yearly_flavor_ira_pulse:
From Code: No
Expected Scope: country

--------------------

on_bureaucracy_change:
From Code: Yes
Expected Scope: none

--------------------

on_policy_changed:
From Code: Yes
Expected Scope: none

--------------------

on_dependency_gained:
From Code: Yes
Expected Scope: none

--------------------

noble_auto_marry_on_action_crown_estate:
From Code: No
Expected Scope: country

--------------------

on_work_of_art_created:
From Code: Yes
Expected Scope: none

--------------------

_cmf_on_core_callback:
From Code: No
Expected Scope: none

--------------------

on_timurid_ruler_death:
From Code: No
Expected Scope: none

--------------------

on_mission_completion:
From Code: Yes
Expected Scope: none

--------------------

on_war_declared:
From Code: Yes
Expected Scope: none

--------------------

on_mission_start:
From Code: Yes
Expected Scope: none

--------------------

on_colonial_charter_failed:
From Code: Yes
Expected Scope: country

--------------------

on_new_age:
From Code: Yes
Expected Scope: country

--------------------

cmf_on_country_transfer:
From Code: No
Expected Scope: none

--------------------

religion_flavor_pulse_orthodox:
From Code: No
Expected Scope: country

--------------------

on_character_marriage:
From Code: Yes
Expected Scope: none

--------------------

on_max_doom_reached:
From Code: Yes
Expected Scope: country

--------------------

on_new_appanage:
From Code: No
Expected Scope: none

--------------------

on_union_split:
From Code: Yes
Expected Scope: none

--------------------

on_game_start_after_lobby:
From Code: No
Expected Scope: none

--------------------

on_pre_ending_war:
From Code: Yes
Expected Scope: none

--------------------

on_prussian_crusader_death:
From Code: No
Expected Scope: none

--------------------

on_location_changed_owner:
From Code: Yes
Expected Scope: location

--------------------

chinese_expedition_movement_events:
From Code: No
Expected Scope: country

--------------------

on_released_country:
From Code: Yes
Expected Scope: none

--------------------

glorpui_on_cmf_callback:
From Code: No
Expected Scope: none

--------------------

on_character_created:
From Code: Yes
Expected Scope: none

--------------------

on_election:
From Code: Yes
Expected Scope: country

--------------------

on_timurid_occupy_location:
From Code: No
Expected Scope: none

--------------------

yearly_flavor_kor_pulse:
From Code: No
Expected Scope: country

--------------------

yearly_flavor_nap_pulse:
From Code: No
Expected Scope: country

--------------------

on_battle_won:
From Code: Yes
Expected Scope: country

--------------------

religion_flavor_pulse_protestant:
From Code: No
Expected Scope: country

--------------------

on_parliament_failed:
From Code: Yes
Expected Scope: none

--------------------

on_integrated_in_union_removal:
From Code: No
Expected Scope: none

--------------------

on_pre_war_declared:
From Code: Yes
Expected Scope: none

--------------------

on_nation_changing:
From Code: Yes
Expected Scope: country

--------------------

on_insult:
From Code: Yes
Expected Scope: none

--------------------

france_naples_administration_broken:
From Code: No
Expected Scope: none

--------------------

glorpui_on_human_country_value_sync_init:
From Code: No
Expected Scope: none

--------------------

yearly_flavor_ven_pulse:
From Code: No
Expected Scope: country

--------------------

on_colonize_annex:
From Code: Yes
Expected Scope: none

--------------------

initiate_auto_marry:
From Code: No
Expected Scope: none

--------------------

four_yearly_country_pulse_50_percent:
From Code: No
Expected Scope: country

--------------------

on_former_independent_appanage:
From Code: No
Expected Scope: none

--------------------

on_new_ruler:
From Code: Yes
Expected Scope: country

--------------------

in_regency_yearly_pulse:
From Code: Yes
Expected Scope: country

--------------------

on_become_revolution_target:
From Code: Yes
Expected Scope: country

--------------------

on_embrace_revolution:
From Code: Yes
Expected Scope: country

--------------------

on_papal_authority_updated:
From Code: No
Expected Scope: none

--------------------

on_subject_type_changed:
From Code: Yes
Expected Scope: none

--------------------

on_lose_revolution:
From Code: Yes
Expected Scope: none

--------------------

on_papal_opinion_removed:
From Code: No
Expected Scope: none

--------------------

government_flavor_pulse_steppe_horde:
From Code: No
Expected Scope: country

--------------------

on_made_saint:
From Code: Yes
Expected Scope: none

--------------------

on_timurid_governor_death:
From Code: No
Expected Scope: country

--------------------

on_overrun_imprisoned:
From Code: Yes
Expected Scope: none

--------------------

four_yearly_country_pulse_25_percent:
From Code: No
Expected Scope: country

--------------------

on_battle_won_character:
From Code: Yes
Expected Scope: none

--------------------

on_colonial_charter_finished:
From Code: Yes
Expected Scope: country

--------------------

on_work_of_art_quality_action:
From Code: No
Expected Scope: none

--------------------

on_lose_revolution_target:
From Code: Yes
Expected Scope: none

--------------------

religion_flavor_pulse_catholic:
From Code: No
Expected Scope: country

--------------------

on_international_organization_disbanding:
From Code: Yes
Expected Scope: none

--------------------

on_becoming_free:
From Code: Yes
Expected Scope: country

--------------------

on_accepted_call_to_arms:
From Code: Yes
Expected Scope: none

--------------------

weather_monthly_pulse:
From Code: Yes
Expected Scope: none

--------------------

sakuya_cmm_sittings_on_register_cmf_mod:
From Code: No
Expected Scope: none

--------------------

on_work_of_art_looted:
From Code: Yes
Expected Scope: none

--------------------

on_great_battle_won:
From Code: Yes
Expected Scope: country

--------------------

on_ending_war:
From Code: Yes
Expected Scope: none

--------------------

chi_expedition_war_support_pulse:
From Code: No
Expected Scope: country

--------------------

on_settle_the_frontier_monthly_pulse:
From Code: No
Expected Scope: country

--------------------

on_losing_war:
From Code: Yes
Expected Scope: none

--------------------

on_bureaucracy_removed:
From Code: Yes
Expected Scope: none

--------------------

on_mission_abort:
From Code: Yes
Expected Scope: none

--------------------

on_country_rank_change:
From Code: Yes
Expected Scope: none

--------------------

earthquake_location_pulse:
From Code: Yes
Expected Scope: location

--------------------

on_winning_war:
From Code: Yes
Expected Scope: none

--------------------

on_transfer_subject:
From Code: Yes
Expected Scope: none

--------------------

religion_flavor_pulse_nahuatl:
From Code: No
Expected Scope: country

--------------------

on_civil_war_annexed:
From Code: Yes
Expected Scope: none

--------------------

on_religion_changed:
From Code: Yes
Expected Scope: country

--------------------

religion_flavor_pulse_shinto:
From Code: No
Expected Scope: country

--------------------

noble_auto_marry_init_pop_limit:
From Code: No
Expected Scope: none

--------------------

four_yearly_country_pulse:
From Code: Yes
Expected Scope: country

--------------------

delhi_four_yearly_pulse:
From Code: No
Expected Scope: country
